// Jest Snapshot v1, https://goo.gl/fbAQLP

exports[`renders Password Component initial snapshot for Password Component initial 1`] = `
Array [
  <div>
    Reset Password
  </div>,
  <div>
    <input
      data-testid="reset-password"
      onChange={[Function]}
    />
  </div>,
  <div
    style={
      Object {
        "color": "red",
      }
    }
  />,
]
`;
