// Jest Snapshot v1, https://goo.gl/fbAQLP

exports[`renders Password Component initial snapshot for Password Component initial 1`] = `
<div
  style={
    Object {
      "display": "block",
    }
  }
>
  <h3>
    Reset Password
  </h3>
  <div>
    <input
      data-testid="reset-password"
      onChange={[Function]}
      placeholder="Please input your password"
      style={
        Object {
          "height": 30,
          "width": 200,
        }
      }
    />
  </div>
  <div
    style={
      Object {
        "color": "red",
        "maxWidth": 200,
      }
    }
  />
</div>
`;
